Processed test1.pdf successfully.
Processed test1.pdf successfully.
Processed test2.pdf successfully.
Processed test3.pdf successfully.
Processed test4.pdf successfully.
